../Core/Src/main.c:106:5:main	8	static
../Core/Src/main.c:159:6:SystemClock_Config	120	static
../Core/Src/main.c:218:6:PeriphCommonClock_Config	192	static
../Core/Src/main.c:246:13:MX_ETH_Init	8	static
../Core/Src/main.c:295:13:MX_SPI3_Init	8	static
../Core/Src/main.c:343:13:MX_SPI4_Init	8	static
../Core/Src/main.c:391:13:MX_USART3_UART_Init	8	static
../Core/Src/main.c:439:13:MX_USB_OTG_HS_USB_Init	4	static
../Core/Src/main.c:458:13:MX_DMA_Init	16	static
../Core/Src/main.c:485:13:MX_GPIO_Init	56	static
../Core/Src/main.c:572:6:Error_Handler	4	static,ignoring_inline_asm
