../Core/Src/main.c:79:5:main	8	static
../Core/Src/main.c:128:6:SystemClock_Config	88	static
../Core/Src/main.c:173:13:MX_ADC1_Init	24	static
../Core/Src/main.c:232:13:MX_TIM3_Init	40	static
../Core/Src/main.c:280:13:MX_TIM14_Init	40	static
../Core/Src/main.c:326:13:MX_USART1_UART_Init	8	static
../Core/Src/main.c:374:13:MX_USART2_UART_Init	8	static
../Core/Src/main.c:408:13:MX_DMA_Init	16	static
../Core/Src/main.c:429:13:MX_GPIO_Init	56	static
../Core/Src/main.c:502:6:Error_Handler	8	static,ignoring_inline_asm
