../Core/Src/main.c:104:5:main	8	static
../Core/Src/main.c:162:6:SystemClock_Config	120	static
../Core/Src/main.c:222:13:MX_DAC1_Init	48	static
../Core/Src/main.c:265:13:MX_OCTOSPI1_Init	48	static
../Core/Src/main.c:327:13:MX_OCTOSPI2_Init	48	static
../Core/Src/main.c:389:13:MX_SPI2_Init	8	static
../Core/Src/main.c:437:13:MX_SPI3_Init	8	static
../Core/Src/main.c:485:13:MX_SPI4_Init	8	static
../Core/Src/main.c:533:13:MX_SPI6_Init	8	static
../Core/Src/main.c:580:13:MX_TIM3_Init	48	static
../Core/Src/main.c:637:13:MX_TIM13_Init	8	static
../Core/Src/main.c:668:13:MX_TIM16_Init	8	static
../Core/Src/main.c:700:13:MX_USART1_UART_Init	8	static
../Core/Src/main.c:748:13:MX_USART2_UART_Init	8	static
../Core/Src/main.c:796:13:MX_USB_OTG_HS_PCD_Init	8	static
../Core/Src/main.c:830:13:MX_BDMA_Init	16	static
../Core/Src/main.c:846:13:MX_DMA_Init	16	static
../Core/Src/main.c:879:13:MX_GPIO_Init	64	static
../Core/Src/main.c:963:6:Error_Handler	4	static,ignoring_inline_asm
